border_size=1
usage=map

Wog         , Wog         , Wog         , Wog         , Wog         , Wog         , Wog         , Wog         , Wog         , Wog         , Wog         , Wog         , Wog         , Wog         , Wog         , Wog         , Wog         , Wog         , Wog         , Wog         , Wog         , Wog         , Wog         , Wog         , Wwg         , Wog         , Wwg         , Wog         , Wog         , Wog         , Wog         , Wog         , Wog         , Wog         , Wog         , Wog         , Wog         , Wog         , Wog         , Wog         , Wog         , Wog         
Wog         , Wog         , Wog         , Wog         , Wog         , Wog         , Wog         , Wog         , Wog         , Wog         , Wog         , Wog         , Wog         , Wog         , Wog         , Wog         , Wog         , Wog         , Wog         , Wog         , Wog         , Wog         , Wwg         , Wwg         , Ms          , Wwg         , Ha^Vhha     , Wwg         , Wwg         , Wog         , Wog         , Wog         , Wog         , Wog         , Wog         , Wog         , Wog         , Wog         , Wog         , Wog         , Wog         , Wog         
Wog         , Wog         , Wog         , Wog         , Wog         , Wog         , Wog         , Wog         , Wog         , Wog         , Wog         , Wog         , Wog         , Wog         , Wog         , Wog         , Wog         , Wog         , Wwg         , Wwg         , Wwg         , Wwg         , Ms          , Ms          , Ms          , Ms          , Ms          , Ms          , Ms          , Wwg         , Wwg         , Wog         , Wog         , Wog         , Wog         , Wog         , Wog         , Wog         , Wog         , Wog         , Wog         , Wog         
Wog         , Wog         , Wog         , Wog         , Wog         , Wog         , Wog         , Wog         , Wog         , Wog         , Wog         , Wog         , Wog         , Wog         , Wog         , Wog         , Wwg         , Wwg         , Ms          , Ms          , Ms          , Ms          , Ms          , Ms          , Ms          , Ms          , Ms          , Ms          , Ms          , Ms          , Wwg         , Wog         , Wog         , Wog         , Wog         , Wog         , Wog         , Wog         , Wog         , Wog         , Wog         , Wog         
Wog         , Wog         , Wog         , Wog         , Wog         , Wog         , Wog         , Wog         , Wog         , Wog         , Wog         , Wog         , Wog         , Wog         , Wog         , Wog         , Ha^Vhha     , Hh^Vhh      , Ms          , Ms          , Ms          , Ms          , Ms          , Ms          , Ms          , Ms          , Ms          , Ms          , Ms          , Ms          , Wwg         , Wog         , Wog         , Wog         , Wog         , Wog         , Wog         , Wog         , Wog         , Wog         , Wog         , Wog         
Wog         , Wog         , Ww^Vm       , Wog         , Wog         , Wog         , Wog         , Wog         , Wog         , Wog         , Wog         , Wog         , Wog         , Wog         , Wog         , Wwg         , Ms          , Ms          , Ms          , Ms          , Ms          , Ms          , Rrc^Vhca    , Ms          , Ms          , Ms          , Ms          , Ms          , Ms          , Ms          , Wwg         , Wog         , Wog         , Wog         , Wog         , Wog         , Wog         , Wog         , Wog         , Wog         , Wog         , Wog         
Wog         , Wog         , Wwrg        , Wog         , Wog         , Wog         , Wog         , Wog         , Wog         , Wog         , Wog         , Wog         , Wog         , Wog         , Wwg         , Wwg         , Ms          , Ms          , Ms          , Ms          , Ms          , Rrc^Vhca    , Rrc^Vhca    , Rrc^Vhca    , Ms          , Ms          , Ms          , Ms          , Ms          , Ms          , Wwg         , Wog         , Wog         , Wog         , Wog         , Wog         , Wog         , Wog         , Wog         , Wog         , Wog         , Wog         
Wog         , Wog         , Wwrg        , Wog         , Wog         , Wog         , Wog         , Wog         , Wog         , Wog         , Wog         , Wog         , Wog         , Wog         , Wwg         , Ms          , Ms          , Ms          , Ms          , Ms          , Ha          , Ha          , Ms          , Ms          , Ms          , Ms          , Ms          , Ms          , Ms          , Ha^Vhha     , Wwg         , Wog         , Wog         , Wog         , Wog         , Wog         , Wog         , Wog         , Wog         , Wog         , Wog         , Wog         
Wog         , Wwrg        , Wwrg        , Wwrg        , Wwg         , Wog         , Wog         , Wog         , Wog         , Wog         , Wog         , Wog         , Wwg         , Wwg         , Ha^Fma      , Ms          , Ms          , Ms          , Ha          , Ha          , Ms          , Ms          , Ms          , Ms          , Ms          , Ms          , Ms          , Ms          , Ms          , Wwg         , Wog         , Wog         , Wog         , Wog         , Wog         , Wog         , Wog         , Wog         , Wog         , Wog         , Wog         , Wog         
Wog         , Wwrg        , Wwrg        , Gs^Vc       , Gs^Vc       , Wwg         , Wwg         , Wwg         , Wwg         , Wwg         , Wwg         , Wwg         , Gs^Fms      , Ha^Fma      , Ha^Fma      , Ms          , Ms          , Ha          , Ha          , Ms          , Ms          , Ms          , Ms          , Aa^Vla      , Ms          , Ms          , Ms          , Ms          , Ms          , Wwg         , Wog         , Wog         , Wog         , Wog         , Wog         , Wog         , Wog         , Wog         , Wog         , Wog         , Wog         , Wog         
Wog         , Wog         , Wwg         , Gs^Vc       , Gs^Fms      , Gs^Fms      , Gs^Fms      , Gs^Fms      , Gs^Fms      , Gs^Fms      , Gs^Fms      , Gs^Fms      , Gs^Fms      , Gs^Fms      , Gs^Fms      , Ha^Fma      , Ha          , Ha          , Ha^Fma      , Ms          , Ms          , Ms          , Ms          , Ms          , Ms          , Ms          , Ms          , Ms          , Ha^Vhha     , Wwg         , Wog         , Wog         , Wog         , Wog         , Wog         , Wog         , Wog         , Wog         , Wwg         , Wog         , Wog         , Wog         
Wog         , Wog         , Wwg         , Gs^Fms      , Gs^Fms      , Gs^Fms      , Gs^Fms      , Gs^Fms      , Gs^Fms      , Gs^Fms      , Gs^Fms      , Gs^Fms      , Gs^Fms      , Gs^Fms      , Gs^Fms      , Re          , Gs^Fms      , Ha^Fma      , Ha^Fma      , Ha^Vhha     , Ms          , Ms          , Ms          , Ms          , Ms          , Ms          , Ms          , Ms          , Ms          , Wwg         , Wwg         , Wog         , Wwg         , Wog         , Wwg         , Wwg         , Wwg         , Wwg         , Mm          , Wwg         , Wwg         , Wog         
Wog         , Wog         , Wwg         , Gs^Fms      , Gs^Fms      , Gs^Fms      , Gs^Fms      , Gs^Fms      , Gs^Fms      , Gs^Vc       , Gs^Fms      , Gs^Fms      , Gs^Fms      , Gs^Vc       , Gs^Fms      , Re          , Gs^Fms      , Gs^Fms      , Ha^Fma      , Ms          , Ms          , Ms          , Ms          , Ms          , Ms          , Ms          , Ms          , Ms          , Ms          , Ms          , Mm          , Wwg         , Mm          , Wwg         , Mm          , Mm          , Mm          , Mm          , Mm          , Mm          , Wwg         , Wog         
Wog         , Wog         , Wwg         , Gs^Vc       , Gs^Fms      , Gs^Fms      , Gs^Fms      , Gs^Fms      , Gs^Fms      , Gs^Fms      , Gs^Fms      , Gs^Fms      , Gs^Fms      , Gs^Fms      , Re          , Re          , Ha^Fma      , Ha^Fma      , Ms          , Ms          , Ms          , Ms          , Ms          , Ms          , Ms          , Ms          , Ww          , Ww          , Mm          , Mm          , Mm          , Mm          , Mm          , Mm          , Mm          , Mm          , Hh          , Kh          , Mm          , Mm          , Wwg         , Wog         
Wog         , Wog         , Wwg         , Gs^Fms      , Gs^Fms      , Gs^Fms      , Gs^Fms      , Gs^Fms      , Gs^Fms      , Gs^Fms      , Gs^Fms      , Gs^Fms      , Gs^Fms      , Re          , Gs^Fms      , Gs^Fms      , Ha^Fma      , Ha^Fma      , Ms          , Ms          , Ms          , Ms          , Ms          , Ms          , Ms          , Ww          , Mm          , Mm          , Mm          , Mm          , Mm          , Mm          , Mm          , Mm          , Hh          , Hh          , Mm          , Mm          , Mm          , Mm          , Wwg         , Wog         
Wog         , Wog         , Wwrg        , Gs^Fms      , Gs^Fms      , Gs^Fms      , Gs^Fms      , Gs^Fms      , Gs^Fms      , Gs^Fms      , Gs^Fms      , Gs^Fms      , Gs^Fms      , Re          , Gs^Fms      , Gs^Fms      , Ha          , Ms          , Ms          , Ms          , Ms          , Ms          , Ms          , Ms          , Hh          , Ww          , Hh          , Mm          , Mm          , Mm          , Hh          , Mm          , Hh          , Hh          , Mm          , Mm          , Mm          , Mm          , Mm          , Wwg         , Wog         , Wog         
Wog         , Wwrg        , Gs^Vc       , Gs^Fms      , Gs^Fms      , Gs^Fms      , Gs^Fms      , Gs^Fms      , Gs^Fms      , Gs^Fms      , Gs^Fms      , Gs^Fms      , Gs^Fms      , Re          , Gs^Fms      , Gs^Fms      , Gg          , Ha          , Hh          , Hh^Vhh      , Hh          , Hh          , Hh          , Hh          , Ww          , Ww          , Hh          , Hh          , Hh          , Hh          , Hh          , Hh          , Mm          , Mm          , Mm          , Mm          , Mm          , Mm          , Wwg         , Wwg         , Wog         , Wog         
Wog         , Wwg         , Gs^Fms      , Gs^Fms      , Gs^Fms      , Gs^Fms      , Gs^Fms      , Gs^Fms      , Gs^Fms      , Gs^Fms      , Gs^Fms      , Gs^Fms      , Gs^Fms      , Re          , Gs^Fms      , Gs^Fms      , Gg          , Gg          , Hh          , Hh          , Hh          , Hh          , Ww^Bw\      , Ww          , Hh          , Hh          , Rp^Vhcr     , Hh          , Mm          , Hh          , Mm          , Mm          , Mm          , Mm          , Mm          , Mm          , Mm          , Wwg         , Wog         , Wog         , Wog         , Wog         
Wog         , Wwg         , Gs^Fms      , Gs^Fms      , Gs^Fms      , Gs^Fms      , Gs^Fms      , Gs^Fms      , Gs^Fms      , Gs^Fms      , Gs^Fms      , Gs^Fms      , Gs^Fms      , Re          , Re          , Gg          , Gg          , Gg          , Ww          , Ww          , Ww          , Ww          , Rr          , Rr          , Rr          , Rr          , Hh          , Hh          , Mm          , Mm          , Mm          , Mm          , Mm          , Mm          , Mm          , Mm          , Mm          , Wwg         , Wog         , Wog         , Wog         , Wog         
Wog         , Wwg         , Gs^Fms      , Gs^Fms      , Gs^Fms      , Gs^Fms      , Gs^Fms      , Gs^Vc       , Gs^Fms      , Gs^Fms      , Gs^Fms      , Gs^Fms      , Gs^Fms      , Gg          , Gg          , Re          , Gg          , Gg          , Ww^Bw/      , Rr          , Rr          , Rr          , Gg          , Gg          , Hh          , Hh          , Mm          , Mm          , Mm          , Mm          , Ww          , Mm          , Mm          , Mm          , Mm          , Mm          , Wwg         , Wwg         , Wog         , Wog         , Wog         , Wog         
Wog         , Wwg         , Gs^Fms      , Gs^Fms      , Gs^Fms      , Gs^Fms      , Gs^Fms      , Gs^Fms      , Gs^Fms      , Gs^Fms      , Gs^Fms      , Gs^Fms      , Gg          , Gg          , Gg^Gvs      , Re          , Rr          , Rr          , Ww          , Gg          , Rr          , Gg          , Gg          , Gg          , Hh          , Mm          , Mm          , Mm          , Mm          , Mm          , Ww          , Mm          , Gg^Gvs      , Gg^Gvs      , Gg^Gvs      , Gg^Gvs      , Wwg         , Wog         , Wog         , Wog         , Wog         , Wog         
Wog         , Wwg         , Gs^Vc       , Gs^Fms      , Gs^Fms      , Gs^Fms      , Gs^Fms      , Gs^Fms      , Gg          , Gs^Fms      , Gg          , Gg          , Gg^Gvs      , Gg^Gvs      , Gg^Gvs      , Rr          , Gg          , Gg          , Ww          , Gg          , Rr          , Gg          , Gg          , Hh          , Mm          , Mm          , Gg          , Gg          , Gg          , Gg          , Ww          , Gs^Vl       , Rr          , Gg          , Gg          , Gg          , Wwg         , Wog         , Wog         , Wog         , Wog         , Wog         
Wog         , Wwg         , Wwg         , Gs^Fms      , Gs^Fms      , Gs^Fms      , Rr          , Gg          , Gg          , Gg          , Rr          , Gs^Vh       , Gg          , Gg^Gvs      , Gg          , Rr          , Gg          , Gg          , Ww          , Gg          , Rr          , Gg          , Gg          , Hh          , Rr^Vhc      , Rr^Vhc      , Rr^Vhc      , Gg          , Ww          , Ww          , Gg^Gvs      , Gg^Gvs      , Gg          , Rr          , Rr          , Gg          , Wwg         , Wog         , Wog         , Wog         , Wog         , Wog         
Wog         , Wog         , Wog         , Wwg         , Gs^Vh       , Rr          , Gg^Gvs      , Rr          , Rr          , Rr          , Ww          , Ww          , Ww          , Gg          , Gg          , Rr          , Ww^Bsb\     , Ww          , Rr^Vhc      , Ww^Bsb/     , Ww          , Rr          , Rr          , Rr          , Gg          , Rr^Vhc      , Ww^Bsb\     , Ww          , Gg          , Gg^Gvs      , Gg^Gvs      , Gg^Gvs      , Gg          , Gg          , Rr          , Rr^Vhc      , Wwg         , Wog         , Wog         , Wog         , Wog         , Wog         
Wog         , Wog         , Wog         , Wwg         , Wwg         , Gg^Gvs      , Gg          , Gg          , Ww          , Ww^Bw\      , Rr          , Gg          , Gg          , Ww          , Ww          , Ww          , Rr^Vhc      , Rr^Vhc      , Rr^Vhc      , Kh          , Gg          , Ww          , Ww          , Gg          , Ww          , Ww          , Gg          , Rr^Vhc      , Rr          , Gg          , Rr          , Gg          , Gg          , Gg          , Rr          , Rr^Vhc      , Wwg         , Wog         , Wog         , Wog         , Wog         , Wog         
Wog         , Wog         , Wog         , Wog         , Wog         , Wwg         , Wwg         , Ww          , Gg          , Gg          , Gg^Gvs      , Rr          , Gg          , Gg          , Gg          , Gg          , Rr^Vhc      , Rr^Vhc      , Rr^Vhc      , Gg^Gvs      , Gg          , Gg          , Rr          , Ww          , Rr          , Gg          , Rr          , Rr          , Gg          , Rr          , Gg^Gvs      , Rr          , Rr          , Rr          , Rr^Vhc      , Rr^Vhc      , Rr^Vhc      , Wwg         , Wog         , Wog         , Wog         , Wog         
Wog         , Wog         , Wog         , Wog         , Wog         , Wog         , Wwg         , Rr^Vhc      , Rr^Vhc      , Rr^Vhc      , Rr          , Rr          , Rr          , Rr          , Rr          , Rr          , Gg^Gvs      , Rr^Vhc      , Gg^Gvs      , Rr^Vhc      , Rr          , Rr          , Gg^Gvs      , Rr          , Gg^Gvs      , Rr          , Gg          , Gg          , Gg          , Gg          , Gg^Gvs      , Gg^Gvs      , Gg^Gvs      , Gg^Gvs      , Gg^Gvs      , Gg^Gvs      , Rr          , Wwg         , Wog         , Wog         , Wog         , Wog         
Wog         , Wog         , Wog         , Wog         , Wog         , Wog         , Wwg         , Rr^Vhc      , Gg^Gvs      , Rr          , Gg          , Gg          , Gg          , Gg          , Gg          , Gg          , Gg          , Gg^Gvs      , Gg          , Gg          , Gg          , Gg          , Gg^Gvs      , Rr          , Gs^Vh       , Gg^Gvs      , Gg^Gvs      , Gg          , Gg          , Gg          , Gg          , Gg^Wm       , Gg          , Gg          , Gg          , Gg^Gvs      , Rr          , Wwg         , Wog         , Wog         , Wog         , Wog         
Wog         , Wog         , Wog         , Wog         , Wwg         , Wwg         , Gg^Gvs      , Rr          , Rr          , Rr          , Rr          , Gg          , Rr          , Gg^Gvs      , Gg          , Gg          , Gg          , Gg          , Gg^Gvs      , Gg^Gvs      , Gg^Gvs      , Gg^Gvs      , Rr          , Rr          , Gg^Gvs      , Gg^Gvs      , Gg          , Gg          , Ss          , Gg          , Ss          , Gg          , Gg          , Gg          , Gg          , Gg          , Rr          , Wwg         , Wwg         , Wog         , Wog         , Wog         
Wog         , Wog         , Wog         , Wog         , Wwg         , Gs^Vh       , Rr          , Rr          , Gg          , Gg^Gvs      , Gg^Gvs      , Rr          , Gs^Vh       , Rr          , Rr          , Gg          , Gg          , Gg^Gvs      , Gg          , Gg^Gvs      , Rr          , Rr          , Gg          , Gg          , Ss          , Ss          , Ss          , Ss          , Ss          , Ss          , Ss          , Ss          , Ss          , Ss          , Ss          , Gg          , Rr          , Gs^Vh       , Gg          , Wwg         , Wwg         , Wog         
Wog         , Wog         , Wog         , Wwg         , Gs^Vh       , Rr          , Gg          , Gg          , Gg          , Gg          , Gg^Gvs      , Gg^Gvs      , Gg^Gvs      , Gg^Gvs      , Gg^Wm       , Rr          , Rr          , Gg^Gvs      , Rr          , Rr          , Gg          , Gg          , Gg          , Ss          , Ss          , Ss          , Ss          , Ss          , Ss          , Ss          , Ss          , Ss          , Ss          , Ss          , Ss^Bw/r     , Ss^Bw/r     , Ss          , Rr          , Rr          , Gg          , Wwg         , Wog         
Wog         , Wog         , Wog         , Wwg         , Dd          , Gg^Gvs      , Dd          , Gg          , Gg          , Gg          , Gg          , Gg^Gvs      , Gg          , Gg          , Gg          , Gg          , Gg^Gvs      , Rr          , Gs^Vh       , Gg^Gvs      , Gg^Gvs      , Gg          , Gg          , Ss          , Ss          , Ss          , Ss          , Ss          , Ss          , Ss          , Ss          , Ss          , Ss^Bw/r     , Ss^Bw/r     , Ss          , Ss          , Ss          , Gg          , Rr          , Gg          , Wwg         , Wog         
Wog         , Wog         , Wog         , Wwg         , Dd^Vda      , Dd          , Dd^Edpp     , Dd          , Dd          , Gg          , Dd          , Gg          , Gg          , Gg          , Gg          , Gg          , Gg          , Gg^Gvs      , Gg^Gvs      , Gg^Gvs      , Gg          , Gg          , Gg          , Ss          , Ss          , Ss          , Ss          , Ss          , Ss          , Ss          , Ss          , Chs         , Ss          , Ss          , Ss          , Ss          , Ss          , Gg          , Rr          , Gs^Vh       , Wwg         , Wog         
Wog         , Wog         , Wwg         , Wwg         , Dd          , Dd          , Dd          , Dd          , Dd^Do       , Dd          , Dd          , Dd          , Dd          , Dd          , Dd          , Gg          , Dd          , Gg          , Gg          , Gg          , Gg          , Gg          , Gg          , Gg          , Dd          , Ss^Vhs      , Dd^Do       , Dd^Vda      , Dd          , Ss          , Ss^Vhs      , Ss          , Ss          , Ss          , Ss          , Ss          , Ss          , Gg          , Wwg         , Wwg         , Wog         , Wog         
Wog         , Wog         , Wwg         , Dd          , Ww          , Ww          , Ww          , Ww          , Ww          , Dd          , Ww          , Dd          , Ww          , Dd          , Hd          , Hd          , Hd          , Dd          , Hd          , Dd          , Dd          , Dd          , Dd          , Dd          , Dd          , Dd          , Dd          , Dd          , Dd^Edpp     , Dd          , Dd          , Ss          , Ss          , Ss          , Ss          , Ss          , Ss          , Ww^Vm       , Wog         , Wog         , Wog         , Wog         
Wog         , Wog         , Wwg         , Ww          , Dd          , Dd          , Hd          , Hd          , Dd          , Ww^Bw|      , Dd          , Ww          , Dd^Do       , Ww          , Ww          , Md          , Md          , Hd          , Dd          , Hd          , Dd^Dr       , Dd^Edp      , Dd          , Dd          , Dd          , Dd^Dc       , Dd          , Dd          , Dd          , Dd          , Dd          , Dd^Vda      , Dd          , Ss          , Ss^Vhs      , Ss          , Wwg         , Wwg         , Wog         , Wog         , Wog         , Wog         
Wog         , Wog         , Wog         , Wwg         , Wwg         , Hd          , Dd^Edp      , Hd          , Dd          , Dd          , Dd          , Dd          , Dd^Vda      , Kd          , Hd          , Hd          , Md          , Hd          , Hd          , Dd          , Dd^Edpp     , Dd          , Dd          , Dd^Vda      , Dd          , Dd          , Dd^Do       , Dd^Edp      , Dd          , Dd          , Hd          , Dd          , Hd          , Dd          , Wwg         , Wwg         , Wog         , Wog         , Wog         , Wog         , Wog         , Wog         
Wog         , Wog         , Wog         , Wog         , Wwg         , Dd          , Dd          , Dd^Do       , Dd^Edpp     , Dd^Vda      , Dd          , Dd          , Dd^Edp      , Dd^Do       , Dd          , Hd          , Hd          , Md          , Md          , Hd          , Dd          , Dd          , Dd          , Dd          , Dd          , Dd          , Dd^Dc       , Dd          , Dd^Vda      , Dd^Edpp     , Dd          , Hd          , Dd^Do       , Hd          , Wwg         , Wog         , Wog         , Wog         , Wog         , Wog         , Wog         , Wog         
Wog         , Wog         , Wog         , Wog         , Wwg         , Dd^Vda      , Dd          , Dd          , Dd          , Dd          , Dd^Dc       , Dd          , Dd          , Dd          , Dd^Vda      , Dd          , Hd          , Hd          , Md          , Hd          , Hd          , Dd          , Dd^Do       , Dd          , Dd          , Dd          , Dd          , Dd          , Dd          , Dd          , Dd          , Dd          , Dd          , Dd^Vda      , Wwg         , Wog         , Wog         , Wog         , Wog         , Wog         , Wog         , Wog         
Wog         , Wog         , Wog         , Wog         , Wog         , Wwg         , Wwg         , Dd          , Wwg         , Dd          , Dd          , Dd          , Dd          , Dd          , Dd          , Dd          , Dd          , Hd          , Hd          , Md          , Md          , Hd          , Dd          , Dd          , Hd          , Dd^Edp      , Hd          , Hd          , Md          , Md          , Md          , Md          , Wwg         , Wwg         , Wog         , Wog         , Wog         , Wog         , Wog         , Wog         , Wog         , Wog         
Wog         , Wog         , Wog         , Wog         , Wog         , Wog         , Wog         , Wwg         , Wog         , Wwg         , Rr^Vhc      , Gg          , Wwg         , Gg          , Wwg         , Gg          , Dd          , Dd          , Dd          , Hd          , Md          , Md          , Md          , Hd          , Md          , Hd          , Md          , Md          , Md          , Md          , Md          , Md          , Wog         , Wog         , Wog         , Wog         , Wog         , Wog         , Wog         , Wog         , Wog         , Wog         
Wog         , Wog         , Wog         , Wog         , Wog         , Wog         , Wog         , Wog         , Wog         , Wwg         , Wwg         , Wwg         , Wog         , Wwg         , Wog         , Wwg         , Wwg         , Dd          , Md          , Md          , Md          , Md          , Md          , Md          , Md          , Md          , Md          , Md          , Md          , Mv          , Md          , Md          , Wog         , Wog         , Wog         , Wog         , Wog         , Wog         , Wog         , Wog         , Wog         , Wog         
Wog         , Wog         , Wog         , Wog         , Wog         , Wog         , Wog         , Wog         , Wog         , Wog         , Wog         , Wog         , Wog         , Wog         , Wog         , Wog         , Wog         , Wwg         , Wwg         , Md          , Md          , Md          , Md          , Md          , Md          , Md          , Md          , Md          , Md          , Md          , Md          , Md          , Wog         , Wog         , Wog         , Wog         , Wog         , Wog         , Wog         , Wog         , Wog         , Wog         
Wog         , Wog         , Wog         , Wog         , Wog         , Wog         , Wog         , Wog         , Wog         , Wog         , Wog         , Wog         , Wog         , Wog         , Wog         , Wog         , Wog         , Wog         , Wwg         , Md          , Md          , Mv          , Md          , Md          , Md          , Md          , Mv          , Md          , Md          , Md          , Md          , Wog         , Wog         , Wog         , Wog         , Wog         , Wog         , Wog         , Wog         , Wog         , Wog         , Wog         
Wog         , Wog         , Wog         , Wog         , Wog         , Wog         , Wog         , Wog         , Wog         , Wog         , Wog         , Wog         , Wog         , Wog         , Wog         , Wog         , Wog         , Wog         , Wwg         , Md          , Md          , Md          , Md          , Md          , Md          , Md          , Md          , Md          , Md          , Md          , Wog         , Wog         , Md          , Md          , Wog         , Wog         , Wog         , Wog         , Wog         , Wog         , Wog         , Wog         
Wog         , Wog         , Wog         , Wog         , Wog         , Wog         , Wog         , Wog         , Wog         , Wog         , Wog         , Wog         , Wog         , Wog         , Wog         , Wog         , Wwg         , Wwg         , Md          , Md          , Md          , Md          , Md          , Md          , Md          , Md          , Md          , Md          , Md          , Md          , Wog         , Wog         , Md          , Mv          , Wog         , Wog         , Wog         , Wog         , Wog         , Wog         , Wog         , Wog         
Wog         , Wog         , Wog         , Wog         , Wog         , Wog         , Wog         , Wog         , Wog         , Wog         , Wog         , Wog         , Wog         , Wog         , Wog         , Wwg         , Md          , Mv          , Md          , Md          , Md          , Md          , Mv          , Md          , Md          , Md          , Wog         , Md          , Md          , Md          , Wog         , Wog         , Wog         , Wog         , Wog         , Wog         , Wog         , Wog         , Wog         , Wog         , Wog         , Wog         
Wog         , Wog         , Wog         , Wog         , Wog         , Wog         , Wog         , Wog         , Wog         , Wog         , Wog         , Wog         , Wog         , Wog         , Wog         , Wwg         , Md          , Md          , Md          , Md          , Md          , Md          , Md          , Md          , Wog         , Wog         , Wog         , Wog         , Wog         , Wog         , Wog         , Wog         , Md          , Wog         , Wog         , Wog         , Wog         , Wog         , Wog         , Wog         , Wog         , Wog         
Wog         , Wog         , Wog         , Wog         , Wog         , Wog         , Wog         , Wog         , Wog         , Wog         , Wog         , Wog         , Wog         , Wog         , Wog         , Wwg         , Wwg         , Md          , Md          , Md          , Md          , Md          , Wog         , Wog         , Md          , Md          , Md          , Wog         , Wog         , Wog         , Md          , Md          , Mv          , Wog         , Wog         , Wog         , Wog         , Wog         , Wog         , Wog         , Wog         , Wog         
Wog         , Wog         , Wog         , Wog         , Wog         , Wog         , Wog         , Wog         , Wog         , Wog         , Wog         , Wog         , Wog         , Wog         , Wog         , Wog         , Wog         , Wog         , Wog         , Md          , Wog         , Md          , Wog         , Wog         , Wog         , Mv          , Wog         , Wog         , Wog         , Wog         , Wog         , Md          , Wog         , Wog         , Wog         , Wog         , Wog         , Wog         , Wog         , Wog         , Wog         , Wog         
Wog         , Wog         , Wog         , Wog         , Wog         , Wog         , Wog         , Wog         , Wog         , Wog         , Wog         , Wog         , Wog         , Wog         , Wog         , Wog         , Wog         , Wog         , Wog         , Wog         , Wog         , Wog         , Wog         , Wog         , Wog         , Wog         , Wog         , Wog         , Wog         , Wog         , Wog         , Wog         , Wog         , Wog         , Wog         , Wog         , Wog         , Wog         , Wog         , Wog         , Wog         , Wog         
Wog         , Wog         , Wog         , Wog         , Wog         , Wog         , Wog         , Wog         , Wog         , Wog         , Wog         , Wog         , Wog         , Wog         , Wog         , Wog         , Wog         , Wog         , Wog         , Wog         , Wog         , Wog         , Wog         , Wog         , Wog         , Wog         , Wog         , Wog         , Wog         , Wog         , Wog         , Wog         , Wog         , Wog         , Wog         , Wog         , Wog         , Wog         , Wog         , Wog         , Wog         , Wog         
